2026-07-27 01:32:16.913851: I tensorflow/core/util/port.cc:153] oneDNN custom operations are on. You may see slightly different numerical results due to floating-point round-off errors from different computation orders. To turn them off, set the environment variable `TF_ENABLE_ONEDNN_OPTS=0`.
2026-07-27 01:32:19.863371: I tensorflow/core/util/port.cc:153] oneDNN custom operations are on. You may see slightly different numerical results due to floating-point round-off errors from different computation orders. To turn them off, set the environment variable `TF_ENABLE_ONEDNN_OPTS=0`.
========================================================================
ILC-1 Ablation: 1 seeds ¡Á 4 B_t types ¡Á 40 trials
========================================================================

[1/4] Loading components...
C:\Users\32510\miniconda3\envs\dl_env\lib\site-packages\stable_baselines3\common\on_policy_algorithm.py:150: UserWarning: You are trying to run PPO on the GPU, but it is primarily intended to run on the CPU when not using a CNN policy (you are using ActorCriticPolicy which should be a MlpPolicy). See https://github.com/DLR-RM/stable-baselines3/issues/1245 for more info. You can pass `device='cpu'` or `export CUDA_VISIBLE_DEVICES=` to force using the CPU.Note: The model will train, but the GPU utilization will be poor and the training might take longer than on CPU.
  warnings.warn(

[2/4] Building Transport reference...
  Reference: 64 steps/cycle, shape=(20, 11)

[3/4] Running 1 seeds ¡Á 4 B_t types ¡Á 3 refs...

  --- seed=1811/kan/tr ---
    return=578.5 (first5=574.5 last5=582.1) err=0.0628 (first5=0.0740 last5=0.0733) cycles=40/40

  --- seed=1811/kan/delta_0.15 ---
    return=646.0 (first5=620.0 last5=634.1) err=0.1130 (first5=0.1271 last5=0.1124) cycles=40/40

  --- seed=1811/kan/delta_0.3 ---
    return=654.9 (first5=649.7 last5=645.8) err=0.2093 (first5=0.2241 last5=0.2101) cycles=40/40

  --- seed=1811/proportional/tr ---
    return=571.0 (first5=570.4 last5=569.8) err=0.0527 (first5=0.0535 last5=0.0574) cycles=40/40

  --- seed=1811/shuffled/tr ---
    return=572.9 (first5=571.2 last5=571.3) err=0.0623 (first5=0.0576 last5=0.0656) cycles=40/40

  --- seed=1811/shuffled/delta_0.15 ---
    return=569.9 (first5=572.7 last5=566.4) err=0.1323 (first5=0.1323 last5=0.1319) cycles=40/40

  --- seed=1811/shuffled/delta_0.3 ---
    return=583.3 (first5=589.6 last5=582.1) err=0.2285 (first5=0.2315 last5=0.2286) cycles=40/40

  --- seed=1811/negative/tr ---
    return=525.4 (first5=550.4 last5=520.6) err=0.1781 (first5=0.0948 last5=0.2002) cycles=40/40

  --- seed=1811/negative/delta_0.15 ---
    return=511.1 (first5=527.4 last5=509.3) err=0.2650 (first5=0.2249 last5=0.2693) cycles=40/40

  --- seed=1811/negative/delta_0.3 ---
    return=496.5 (first5=517.9 last5=491.1) err=0.4028 (first5=0.3462 last5=0.4245) cycles=40/40

[4/4] Summary
========================================================================

         B_t Type     Mean R     First5      Last5      Delta      Error       FwdR      CtrlR
  -------------------------------------------------------------------------------------
              kan      578.5      574.5      582.1       +7.6     0.0628      578.6        0.1
     proportional      571.0      570.4      569.8       -0.6     0.0527      571.1        0.1
         shuffled      572.9      571.2      571.3       +0.2     0.0623      573.1        0.1
         negative      525.4      550.4      520.6      -29.8     0.1781      525.5        0.1

  Transport baseline: 626.5 (no ILC)

  Saved to results/ilc1_s1811.json
