python.exe : 2026-07-27 01:07:22.384697: I tensorflow/core/util/port.cc:153] oneDNN custom operations are on. You may s
ee slightly different numerical results due to floating-point round-off errors from different computation orders. To tu
rn them off, set the environment variable `TF_ENABLE_ONEDNN_OPTS=0`.
At line:1 char:351
+ ... RF\KAN-RF"; & "C:\Users\32510\miniconda3\envs\dl_env\python.exe" scri ...
+                 ~~~~~~~~~~~~~~~~~~~~~~~~~~~~~~~~~~~~~~~~~~~~~~~~~~~~~~~~~
    + CategoryInfo          : NotSpecified: (2026-07-27 01:0...ONEDNN_OPTS=0`.:String) [], RemoteException
    + FullyQualifiedErrorId : NativeCommandError
 
2026-07-27 01:07:24.545159: I tensorflow/core/util/port.cc:153] oneDNN custom operations are on. You may see slightly d
ifferent numerical results due to floating-point round-off errors from different computation orders. To turn them off, 
set the environment variable `TF_ENABLE_ONEDNN_OPTS=0`.
ILC-1 Online KAN (v2): 3 seeds × 7 cond × 40 trials
  Fixes: fresh ref per seed, shared KAN across conditions
[1/3] Loading shared components...
C:\Users\32510\miniconda3\envs\dl_env\lib\site-packages\stable_baselines3\common\on_policy_algorithm.py:150: UserWarnin
g: You are trying to run PPO on the GPU, but it is primarily intended to run on the CPU when not using a CNN policy (yo
u are using ActorCriticPolicy which should be a MlpPolicy). See https://github.com/DLR-RM/stable-baselines3/issues/1245
 for more info. You can pass `device='cpu'` or `export CUDA_VISIBLE_DEVICES=` to force using the CPU.Note: The model wi
ll train, but the GPU utilization will be poor and the training might take longer than on CPU.
  warnings.warn(

[2/3] Seed 1811: initial KAN fit + building reference...
  Reference: 64 steps/cycle
  s1811/kan_online/tr: R=159.7 f5=225.3 l5=76.9 E=0.7864 cyc=4/40
  s1811/kan_online/delta_0.15: R=159.7 f5=225.3 l5=76.9 E=0.8313 cyc=4/40
