python.exe : 2026-07-27 00:28:50.305326: I tensorflow/core/util/port.cc:153] oneDNN custom operations are on. You may s
ee slightly different numerical results due to floating-point round-off errors from different computation orders. To tu
rn them off, set the environment variable `TF_ENABLE_ONEDNN_OPTS=0`.
At line:1 char:351
+ ... RF\KAN-RF"; & "C:\Users\32510\miniconda3\envs\dl_env\python.exe" scri ...
+                 ~~~~~~~~~~~~~~~~~~~~~~~~~~~~~~~~~~~~~~~~~~~~~~~~~~~~~~~~~
    + CategoryInfo          : NotSpecified: (2026-07-27 00:2...ONEDNN_OPTS=0`.:String) [], RemoteException
    + FullyQualifiedErrorId : NativeCommandError
 
2026-07-27 00:28:52.518540: I tensorflow/core/util/port.cc:153] oneDNN custom operations are on. You may see slightly d
ifferent numerical results due to floating-point round-off errors from different computation orders. To turn them off, 
set the environment variable `TF_ENABLE_ONEDNN_OPTS=0`.
ILC-1 Fast: 2 seeds × 7 conditions × 30 trials
[1/3] Loading...
C:\Users\32510\miniconda3\envs\dl_env\lib\site-packages\stable_baselines3\common\on_policy_algorithm.py:150: UserWarnin
g: You are trying to run PPO on the GPU, but it is primarily intended to run on the CPU when not using a CNN policy (yo
u are using ActorCriticPolicy which should be a MlpPolicy). See https://github.com/DLR-RM/stable-baselines3/issues/1245
 for more info. You can pass `device='cpu'` or `export CUDA_VISIBLE_DEVICES=` to force using the CPU.Note: The model wi
ll train, but the GPU utilization will be poor and the training might take longer than on CPU.
  warnings.warn(
  Loaded reference: 66 steps

[2/3] Seed 1911...
  s1911/kan/tr: R=600.3 (f5=613.3 l5=614.9) E=0.0678 cyc=30/30
  s1911/kan/delta_0.15: R=621.7 (f5=658.6 l5=612.4) E=0.1332 cyc=30/30
  s1911/kan/delta_0.30: R=619.2 (f5=654.3 l5=606.7) E=0.2374 cyc=30/30
  s1911/proportional/tr: R=639.2 (f5=666.0 l5=624.8) E=0.0723 cyc=30/30
  s1911/shuffled/tr: R=637.6 (f5=667.0 l5=619.0) E=0.0719 cyc=30/30
  s1911/shuffled/delta_0.15: R=628.4 (f5=657.1 l5=577.2) E=0.1361 cyc=30/30
  s1911/negative/tr: R=624.8 (f5=663.0 l5=554.8) E=0.0817 cyc=30/30

[2/3] Seed 2011...
  s2011/kan/tr: R=572.8 (f5=568.0 l5=575.4) E=0.1027 cyc=30/30
  s2011/kan/delta_0.15: R=576.8 (f5=574.3 l5=577.7) E=0.1676 cyc=30/30
  s2011/kan/delta_0.30: R=575.3 (f5=575.7 l5=575.3) E=0.2701 cyc=30/30
  s2011/proportional/tr: R=565.9 (f5=566.6 l5=566.5) E=0.1154 cyc=30/30
  s2011/shuffled/tr: R=559.0 (f5=565.1 l5=557.7) E=0.1312 cyc=30/30
  s2011/shuffled/delta_0.15: R=567.2 (f5=569.9 l5=565.6) E=0.1892 cyc=30/30
  s2011/negative/tr: R=515.9 (f5=561.1 l5=505.1) E=0.2421 cyc=30/30

[3/3] Summary across 2 seeds
              B_t          Ref |     Mean R     First5      Last5     ΔLearn      ΔvsTr
  --------------------------------------------------------------------------------
              kan           tr |      586.6      590.7      595.1       +4.4       +0.0
              kan   delta_0.15 |      599.3      616.4      595.0      -21.4      +12.7
              kan   delta_0.30 |      597.3      615.0      591.0      -24.0      +10.7
     proportional           tr |      602.5      616.3      595.6      -20.7      +16.0
         shuffled           tr |      598.3      616.1      588.3      -27.7      +11.7
         shuffled   delta_0.15 |      597.8      613.5      571.4      -42.1      +11.2
         negative           tr |      570.4      612.0      530.0      -82.1      -16.2

  Transport baseline (est): 586.6
  Source policy: 672
  Saved to results/ilc1_fast.json
