python.exe : 2026-07-27 00:46:33.932112: I tensorflow/core/util/port.cc:153] oneDNN custom operations are on. You may s
ee slightly different numerical results due to floating-point round-off errors from different computation orders. To tu
rn them off, set the environment variable `TF_ENABLE_ONEDNN_OPTS=0`.
At line:1 char:351
+ ... RF\KAN-RF"; & "C:\Users\32510\miniconda3\envs\dl_env\python.exe" scri ...
+                 ~~~~~~~~~~~~~~~~~~~~~~~~~~~~~~~~~~~~~~~~~~~~~~~~~~~~~~~~~
    + CategoryInfo          : NotSpecified: (2026-07-27 00:4...ONEDNN_OPTS=0`.:String) [], RemoteException
    + FullyQualifiedErrorId : NativeCommandError
 
2026-07-27 00:46:36.347279: I tensorflow/core/util/port.cc:153] oneDNN custom operations are on. You may see slightly d
ifferent numerical results due to floating-point round-off errors from different computation orders. To turn them off, 
set the environment variable `TF_ENABLE_ONEDNN_OPTS=0`.
ILC-1 Online KAN: 3 seeds × 7 cond × 40 trials
[1/3] Loading...
C:\Users\32510\miniconda3\envs\dl_env\lib\site-packages\stable_baselines3\common\on_policy_algorithm.py:150: UserWarnin
g: You are trying to run PPO on the GPU, but it is primarily intended to run on the CPU when not using a CNN policy (yo
u are using ActorCriticPolicy which should be a MlpPolicy). See https://github.com/DLR-RM/stable-baselines3/issues/1245
 for more info. You can pass `device='cpu'` or `export CUDA_VISIBLE_DEVICES=` to force using the CPU.Note: The model wi
ll train, but the GPU utilization will be poor and the training might take longer than on CPU.
  warnings.warn(
  Loaded reference: 66 steps

[2/3] Seed 1811: initial KAN fit...
  s1811/kan_online/tr: R=554.5 (f5=474.4 l5=604.5) E=0.7069 cyc=31/40
  s1811/kan_online/delta_0.15: R=343.6 (f5=417.5 l5=10.2) E=0.4990 cyc=18/40
  s1811/kan_online/delta_0.30: R=579.0 (f5=486.5 l5=563.7) E=0.7944 cyc=30/40
  s1811/proportional/tr: R=629.3 (f5=425.2 l5=667.0) E=0.6347 cyc=31/40
  s1811/shuffled/tr: R=106.9 (f5=388.6 l5=5.6) E=0.6366 cyc=6/40
  s1811/shuffled/delta_0.15: R=66.1 (f5=382.0 l5=6.3) E=0.4550 cyc=3/40
  s1811/negative/tr: R=528.6 (f5=424.5 l5=598.5) E=0.4708 cyc=31/40

[2/3] Seed 1911: initial KAN fit...
