2026-07-27 02:07:03.236615: I tensorflow/core/util/port.cc:153] oneDNN custom operations are on. You may see slightly different numerical results due to floating-point round-off errors from different computation orders. To turn them off, set the environment variable `TF_ENABLE_ONEDNN_OPTS=0`.
2026-07-27 02:07:08.445492: I tensorflow/core/util/port.cc:153] oneDNN custom operations are on. You may see slightly different numerical results due to floating-point round-off errors from different computation orders. To turn them off, set the environment variable `TF_ENABLE_ONEDNN_OPTS=0`.
========================================================================
ILC-1 Ablation: 1 seeds ¡Á 4 B_t types ¡Á 40 trials
========================================================================

[1/4] Loading components...
C:\Users\32510\miniconda3\envs\dl_env\lib\site-packages\stable_baselines3\common\on_policy_algorithm.py:150: UserWarning: You are trying to run PPO on the GPU, but it is primarily intended to run on the CPU when not using a CNN policy (you are using ActorCriticPolicy which should be a MlpPolicy). See https://github.com/DLR-RM/stable-baselines3/issues/1245 for more info. You can pass `device='cpu'` or `export CUDA_VISIBLE_DEVICES=` to force using the CPU.Note: The model will train, but the GPU utilization will be poor and the training might take longer than on CPU.
  warnings.warn(

[2/4] Building Transport reference...
  Reference: 66 steps/cycle, shape=(20, 11)

[3/4] Running 1 seeds ¡Á 4 B_t types ¡Á 3 refs...

  --- seed=1911/kan/tr ---
    return=606.8 (first5=613.3 last5=630.7) err=0.0669 (first5=0.0478 last5=0.0929) cycles=40/40

  --- seed=1911/kan/delta_0.15 ---
    return=625.1 (first5=658.6 last5=646.5) err=0.1332 (first5=0.1320 last5=0.1433) cycles=40/40

  --- seed=1911/kan/delta_0.3 ---
    return=619.9 (first5=654.3 last5=636.1) err=0.2367 (first5=0.2396 last5=0.2383) cycles=40/40

  --- seed=1911/proportional/tr ---
    return=643.6 (first5=666.0 last5=652.3) err=0.0673 (first5=0.0630 last5=0.0763) cycles=40/40

  --- seed=1911/shuffled/tr ---
