2026-07-27 02:32:42.476976: I tensorflow/core/util/port.cc:153] oneDNN custom operations are on. You may see slightly different numerical results due to floating-point round-off errors from different computation orders. To turn them off, set the environment variable `TF_ENABLE_ONEDNN_OPTS=0`.
2026-07-27 02:32:44.814449: I tensorflow/core/util/port.cc:153] oneDNN custom operations are on. You may see slightly different numerical results due to floating-point round-off errors from different computation orders. To turn them off, set the environment variable `TF_ENABLE_ONEDNN_OPTS=0`.
============================================================
R1: Reference Controllability Scan
  Delta vx: [-0.1, 0.0, 0.1, 0.2, 0.3, 0.4, 0.5]
  Delta z:  [-0.15, -0.05, 0.0, 0.05, 0.15, 0.25]
============================================================

[1/3] Loading components...
C:\Users\32510\miniconda3\envs\dl_env\lib\site-packages\stable_baselines3\common\on_policy_algorithm.py:150: UserWarning: You are trying to run PPO on the GPU, but it is primarily intended to run on the CPU when not using a CNN policy (you are using ActorCriticPolicy which should be a MlpPolicy). See https://github.com/DLR-RM/stable-baselines3/issues/1245 for more info. You can pass `device='cpu'` or `export CUDA_VISIBLE_DEVICES=` to force using the CPU.Note: The model will train, but the GPU utilization will be poor and the training might take longer than on CPU.
  warnings.warn(

[2/3] Building Transport reference...
  Transport ref: 64 steps

[3/3] Scanning (7 vx ¡Á 6 z)...
  vx=-0.10: R=553.4 last10=546.7 ¦¤learn=-12.3 err=0.1128
  vx=+0.00: R=578.6 last10=576.3 ¦¤learn=+5.7 err=0.0645
  vx=+0.10: R=660.2 last10=669.1 ¦¤learn=+35.6 err=0.1066
  vx=+0.20: R=636.1 last10=627.5 ¦¤learn=-27.2 err=0.1900
  vx=+0.30: R=642.7 last10=649.5 ¦¤learn=-2.6 err=0.2810
  vx=+0.40: R=647.0 last10=652.5 ¦¤learn=+2.7 err=0.3771
  vx=+0.50: R=647.9 last10=656.5 ¦¤learn=+16.9 err=0.4755
  z=-0.15: R=580.3 last10=585.8 ¦¤learn=+25.8 err=0.3116
  z=-0.05: R=581.9 last10=586.6 ¦¤learn=+26.3 err=0.1251
  z=+0.00: R=578.6 last10=576.3 ¦¤learn=+5.7 err=0.0645
  z=+0.05: R=579.8 last10=576.2 ¦¤learn=+5.8 err=0.1157
  z=+0.15: R=582.6 last10=577.0 ¦¤learn=+3.9 err=0.3015
  z=+0.25: R=579.4 last10=578.8 ¦¤learn=+6.8 err=0.4987
  combo=+0.15: R=657.9 last10=662.9 ¦¤learn=+10.9 err=0.1895
  combo=+0.30: R=644.2 last10=649.6 ¦¤learn=-3.6 err=0.3926
  combo=+0.40: R=646.9 last10=652.5 ¦¤learn=+4.9 err=0.5318

============================================================
       Command   Axis |   Return   Last10   ¦¤Learn    Error
  ----------------------------------------------------
      vx=+0.10     vx |    660.2    669.1    +35.6   0.1066
   combo=+0.15  combo |    657.9    662.9    +10.9   0.1895
      vx=+0.50     vx |    647.9    656.5    +16.9   0.4755
      vx=+0.40     vx |    647.0    652.5     +2.7   0.3771
   combo=+0.40  combo |    646.9    652.5     +4.9   0.5318
   combo=+0.30  combo |    644.2    649.6     -3.6   0.3926
      vx=+0.30     vx |    642.7    649.5     -2.6   0.2810
      vx=+0.20     vx |    636.1    627.5    -27.2   0.1900
       z=+0.15      z |    582.6    577.0     +3.9   0.3015
       z=-0.05      z |    581.9    586.6    +26.3   0.1251
       z=-0.15      z |    580.3    585.8    +25.8   0.3116
       z=+0.05      z |    579.8    576.2     +5.8   0.1157
       z=+0.25      z |    579.4    578.8     +6.8   0.4987
      vx=+0.00     vx |    578.6    576.3     +5.7   0.0645
       z=+0.00      z |    578.6    576.3     +5.7   0.0645
      vx=-0.10     vx |    553.4    546.7    -12.3   0.1128
  Best vx: vx=+0.10 ¡ú R=660.2
  Best z: z=+0.15 ¡ú R=582.6
  Best combo: combo=+0.15 ¡ú R=657.9

  Saved to results/r1_controllability.json
