2026-07-27 03:16:05.098850: I tensorflow/core/util/port.cc:153] oneDNN custom operations are on. You may see slightly different numerical results due to floating-point round-off errors from different computation orders. To turn them off, set the environment variable `TF_ENABLE_ONEDNN_OPTS=0`.
2026-07-27 03:16:07.185155: I tensorflow/core/util/port.cc:153] oneDNN custom operations are on. You may see slightly different numerical results due to floating-point round-off errors from different computation orders. To turn them off, set the environment variable `TF_ENABLE_ONEDNN_OPTS=0`.
============================================================
R1.5: Achievement Audit + Step Response
============================================================

[1/3] Loading...
C:\Users\32510\miniconda3\envs\dl_env\lib\site-packages\stable_baselines3\common\on_policy_algorithm.py:150: UserWarning: You are trying to run PPO on the GPU, but it is primarily intended to run on the CPU when not using a CNN policy (you are using ActorCriticPolicy which should be a MlpPolicy). See https://github.com/DLR-RM/stable-baselines3/issues/1245 for more info. You can pass `device='cpu'` or `export CUDA_VISIBLE_DEVICES=` to force using the CPU.Note: The model will train, but the GPU utilization will be poor and the training might take longer than on CPU.
  warnings.warn(
  Reference: 64 steps

[2/3] Part A: Fixed commands (6 commands ¡Á 20 trials)...
  fixed_vx=0.00: C:\Users\32510\miniconda3\envs\dl_env\lib\site-packages\numpy\_core\fromnumeric.py:3596: RuntimeWarning: Mean of empty slice.
  return _methods._mean(a, axis=axis, dtype=dtype,
C:\Users\32510\miniconda3\envs\dl_env\lib\site-packages\numpy\_core\_methods.py:138: RuntimeWarning: invalid value encountered in scalar divide
  ret = ret.dtype.type(ret / rcount)
R=579.8 last10R=587.4 vx=nan last10vx=0.00 err=0.0619 |u|=0.133 fall=100%
  fixed_vx=0.05: R=630.5 last10R=625.3 vx=nan last10vx=0.00 err=0.0790 |u|=0.263 fall=100%
  fixed_vx=0.10: R=655.7 last10R=658.3 vx=nan last10vx=0.00 err=0.1068 |u|=0.523 fall=100%
  fixed_vx=0.15: R=655.4 last10R=652.8 vx=nan last10vx=0.00 err=0.1382 |u|=0.794 fall=100%
  fixed_vx=0.20: R=640.4 last10R=622.3 vx=nan last10vx=0.00 err=0.1890 |u|=0.976 fall=100%
  fixed_vx=0.30: R=639.3 last10R=632.1 vx=nan last10vx=0.00 err=0.2784 |u|=1.055 fall=100%

[3/3] Part B: Switches (5 switches ¡Á 2¡Á20 trials)...
  switch_0.00¡ú0.10: s1_last5=[R=599.8 vx=nan |u|=0.133] ¡ú s2_first5=[R=608.9 vx=nan] s2_last5=[R=648.9 vx=nan |u|=0.520] vs_fixed_c2_last5=658.3
  switch_0.10¡ú0.00: s1_last5=[R=648.9 vx=nan |u|=0.523] ¡ú s2_first5=[R=591.4 vx=nan] s2_last5=[R=596.2 vx=nan |u|=0.125] vs_fixed_c2_last5=587.4
  switch_0.10¡ú0.20: s1_last5=[R=648.9 vx=nan |u|=0.523] ¡ú s2_first5=[R=638.7 vx=nan] s2_last5=[R=613.9 vx=nan |u|=0.987] vs_fixed_c2_last5=622.3
  switch_0.20¡ú0.10: s1_last5=[R=617.7 vx=nan |u|=0.976] ¡ú s2_first5=[R=615.0 vx=nan] s2_last5=[R=643.9 vx=nan |u|=0.586] vs_fixed_c2_last5=658.3
  switch_0.30¡ú0.10: s1_last5=[R=631.7 vx=nan |u|=1.055] ¡ú s2_first5=[R=613.0 vx=nan] s2_last5=[R=645.0 vx=nan |u|=0.599] vs_fixed_c2_last5=658.3

============================================================
  Part A: Fixed Command Achievement
  vx_desired   Return Achieved_vx    Error      |u|   Fall
        0.00    587.4       0.00   0.0619    0.133   100%
        0.05    625.3       0.00   0.0790    0.263   100%
        0.10    658.3       0.00   0.1068    0.523   100%
        0.15    652.8       0.00   0.1382    0.794   100%
        0.20    622.3       0.00   0.1890    0.976   100%
        0.30    632.1       0.00   0.2784    1.055   100%

  Part B: Switch Step Response
            Switch   S1_last5  S2_first5   S2_last5   Fixed_c2
  0.00¡ú0.10              599.8      608.9      648.9      658.3
  0.10¡ú0.00              648.9      591.4      596.2      587.4
  0.10¡ú0.20              648.9      638.7      613.9      622.3
  0.20¡ú0.10              617.7      615.0      643.9      658.3
  0.30¡ú0.10              631.7      613.0      645.0      658.3

  Saved to results/r1p5_step_response.json
